Microchip MPLAB XC8 Compiler V2.46

Linker command line:

-W-3 \
  --edf=C:\Program Files\Microchip\xc8\v2.46\pic\dat\20240104201356_en.msgs \
  -pivt0x8=08h -cn \
  -h+dist/default/production\basicUARTcomms_Q71.X.production.sym \
  --cmf=dist/default/production\basicUARTcomms_Q71.X.production.cmf -z \
  -Q18F56Q71 -oC:\Users\C65471\AppData\Local\Temp\xcAso90.\driver_tmp_3.o \
  --defsym=__MPLAB_BUILD=1 --fixupoverflow=error \
  -Mdist/default/production/basicUARTcomms_Q71.X.production.map \
  --md=C:\Users\C65471\AppData\Local\Temp\xcAso90.\driver_tmp_0.dat -E1 \
  -ver=XC8 Compiler --acfsm=1493 -ACODE=00h-0FFFFh -ACONST=00h-0FFFFh \
  -ASMALLCONST=01500h-015FFhx235 -AMEDIUMCONST=01500h-0FFFFh \
  -ACOMRAM=0501h-055Fh -AABS1=0500h-014FFh -ABIGRAM=0501h-014FFh \
  -ARAM=0560h-05FFh,0600h-06FFhx15 -ABANK5=0560h-05FFh -ABANK6=0600h-06FFh \
  -ABANK7=0700h-07FFh -ABANK8=0800h-08FFh -ABANK9=0900h-09FFh \
  -ABANK10=0A00h-0AFFh -ABANK11=0B00h-0BFFh -ABANK12=0C00h-0CFFh \
  -ABANK13=0D00h-0DFFh -ABANK14=0E00h-0EFFh -ABANK15=0F00h-0FFFh \
  -ABANK16=01000h-010FFh -ABANK17=01100h-011FFh -ABANK18=01200h-012FFh \
  -ABANK19=01300h-013FFh -ABANK20=01400h-014FFh \
  -ASFR=00h-0FFhx4,0400h-045Fh,0460h-04FFh,01500h-015FFh \
  -ABIGSFR=00h-04FFh,01500h-015FFh -ACONFIG=0300000h-030000Bh \
  -AIDLOC=0200000h-020003Fh -AEEDATA=0380000h-03800FFh -peeprom_data=EEDATA \
  -preset_vec=00h -ppowerup=CODE,init -pramtop=01500h \
  -psmallconst=SMALLCONST -pmediumconst=MEDIUMCONST -pconst=CONST \
  -AFARRAM=00h-00h \
  -prdata=COMRAM,nvrram=COMRAM,nvbit=COMRAM,rbss=COMRAM,rbit=COMRAM \
  -pfarbss=FARRAM,fardata=FARRAM,nvFARRAM=FARRAM \
  -pintsave_regs=BIGRAM,bigbss=BIGRAM,bigdata=BIGRAM -pbss=RAM \
  -pidata=CODE,irdata=CODE,ibigdata=CODE,ifardata=CODE -prparam=COMRAM \
  C:\Users\C65471\AppData\Local\Temp\xcAso90.\driver_tmp_9.o \
  dist/default/production\basicUARTcomms_Q71.X.production.o 

Object code version is 3.11

Machine type is 18F56Q71



                Name                               Link     Load   Length Selector   Space Scale
C:\Users\C65471\AppData\Local\Temp\xcAso90.\driver_tmp_9.o
                config                           300000   300000        B        0       4
                init                                 1A       1A        4        4       0
                reset_vec                             0        0        4        0       0
dist/default/production\basicUARTcomms_Q71.X.production.o
                config                           300000   300000        B        0       4
                smallconst                         1500     1500       32      A80       0
                ivt0x8                                8        8       12        4       0
                text21                             1880     1880       4A      A99       0
                text20                             1A58     1A58        8      A99       0
                text19                             1934     1934       30      A99       0
                text18                             19FA     19FA       16      A99       0
                text17                             1A62     1A62        2      A99       0
                text16                             1A60     1A60        2      A99       0
                text15                             1532     1532      11C      A99       0
                text14                             18CA     18CA       36      A99       0
                text13                             1744     1744       A6      A99       0
                text12                             1964     1964       22      A99       0
                text11                             1A4E     1A4E        A      A99       0
                text10                             1A44     1A44        A      A99       0
                text9                              1A3A     1A3A        A      A99       0
                text8                              1900     1900       34      A99       0
                text7                              1A30     1A30        A      A99       0
                text6                              164E     164E       F6      A99       0
                text5                              19DE     19DE       1C      A99       0
                text4                              19C2     19C2       1C      A99       0
                text3                              19A6     19A6       1C      A99       0
                text2                              17EA     17EA       96      A99       0
                text1                              1A10     1A10       12      A99       0
                text0                              1A22     1A22        E      A99       0
                cstackCOMRAM                        539      539        7      501       1
                bssCOMRAM                           501      501       38      501       1
                cinit                              1986     1986       20      A99       0
                nvCOMRAM                            540      540        6      501       1

TOTAL           Name                               Link     Load   Length     Space
        CLASS   CODE           
                init                                 1A       1A        4         0
                reset_vec                             0        0        4         0
                ivt0x8                                8        8       12         0
                text21                             1880     1880       4A         0
                text20                             1A58     1A58        8         0
                text19                             1934     1934       30         0
                text18                             19FA     19FA       16         0
                text17                             1A62     1A62        2         0
                text16                             1A60     1A60        2         0
                text15                             1532     1532      11C         0
                text14                             18CA     18CA       36         0
                text13                             1744     1744       A6         0
                text12                             1964     1964       22         0
                text11                             1A4E     1A4E        A         0
                text10                             1A44     1A44        A         0
                text9                              1A3A     1A3A        A         0
                text8                              1900     1900       34         0
                text7                              1A30     1A30        A         0
                text6                              164E     164E       F6         0
                text5                              19DE     19DE       1C         0
                text4                              19C2     19C2       1C         0
                text3                              19A6     19A6       1C         0
                text2                              17EA     17EA       96         0
                text1                              1A10     1A10       12         0
                text0                              1A22     1A22        E         0
                cinit                              1986     1986       20         0

        CLASS   CONST          

        CLASS   SMALLCONST     
                smallconst                         1500     1500       32         0

        CLASS   MEDIUMCONST    

        CLASS   COMRAM         
                cstackCOMRAM                        539      539        7         1
                bssCOMRAM                           501      501       38         1
                nvCOMRAM                            540      540        6         1

        CLASS   ABS1           

        CLASS   BIGRAM         

        CLASS   RAM            

        CLASS   BANK5          

        CLASS   BANK6          

        CLASS   BANK7          

        CLASS   BANK8          

        CLASS   BANK9          

        CLASS   BANK10         

        CLASS   BANK11         

        CLASS   BANK12         

        CLASS   BANK13         

        CLASS   BANK14         

        CLASS   BANK15         

        CLASS   BANK16         

        CLASS   BANK17         

        CLASS   BANK18         

        CLASS   BANK19         

        CLASS   BANK20         

        CLASS   SFR            

        CLASS   BIGSFR         

        CLASS   CONFIG         
                config                           300000   300000        B         4

        CLASS   IDLOC          

        CLASS   EEDATA         

        CLASS   FARRAM         

        CLASS   HEAP           

        CLASS   STACK          



SEGMENTS        Name                           Load    Length   Top    Selector   Space  Class

                reset_vec                      000000  000004  000004         0       0  CODE    
                ivt0x8                         000008  000016  00001E         4       0  CODE    
                bssCOMRAM                      000501  000045  000546       501       1  COMRAM  
                smallconst                     001500  000032  001532       A80       0  SMALLCON
                text15                         001532  000532  001A64       A99       0  CODE    


UNUSED ADDRESS RANGES

        Name                Unused          Largest block    Delta
        BANK10           000A00-000AFF              100
        BANK11           000B00-000BFF              100
        BANK12           000C00-000CFF              100
        BANK13           000D00-000DFF              100
        BANK14           000E00-000EFF              100
        BANK15           000F00-000FFF              100
        BANK16           001000-0010FF              100
        BANK17           001100-0011FF              100
        BANK18           001200-0012FF              100
        BANK19           001300-0013FF              100
        BANK20           001400-0014FF              100
        BANK5            000560-0005FF               A0
        BANK6            000600-0006FF              100
        BANK7            000700-0007FF              100
        BANK8            000800-0008FF              100
        BANK9            000900-0009FF              100
        BIGRAM           000546-0014FF              FBA
        BIGSFR           000000-0004FF              500
                         001500-0015FF              100
        CODE             000004-000007                4
                         00001E-0014FF             14E2
                         001A64-00FFFF             E59C
        COMRAM           000546-00055F               1A
        CONFIG           30000B-30000B                1
        CONST            000004-000007                4
                         00001E-0014FF             14E2
                         001A64-00FFFF             E59C
        EEDATA           380000-3800FF              100
        IDLOC            200000-20003F               40
        MEDIUMCONST      001A64-00FFFF             E59C
        RAM              000560-0014FF              100
        SFR              000000-0004FF              100
                         001500-0015FF              100
        SMALLCONST       001A64-00FFFF              100

                                  Symbol Table

INT0_SetInterruptHandler@InterruptHandler          cstackCOMRAM 00053E
INT1_SetInterruptHandler@InterruptHandler          cstackCOMRAM 00053E
INT2_SetInterruptHandler@InterruptHandler          cstackCOMRAM 00053E
IVTBASEH                                           (abs)        00045E
IVTBASEL                                           (abs)        00045D
IVTBASEU                                           (abs)        00045F
SW0_SetInterruptHandler@InterruptHandler           cstackCOMRAM 00053E
UART2_FramingErrorCallbackRegister@callbackHandler cstackCOMRAM 00053E
UART2_OverrunErrorCallbackRegister@callbackHandler cstackCOMRAM 00053E
UART2_ParityErrorCallbackRegister@callbackHandler  cstackCOMRAM 00053E
UART2_ReceiveISR@regValue                          cstackCOMRAM 00053A
UART2_ReceiveISR@tempRxHead                        cstackCOMRAM 00053B
UART2_TransmitISR@tempTxTail                       cstackCOMRAM 000539
UART2_Write@tempTxHead                             cstackCOMRAM 000539
UART2_Write@txData                                 cstackCOMRAM 00053A
_ACTCON                                            (abs)        0000AC
_ANSELA                                            (abs)        000400
_ANSELB                                            (abs)        000408
_ANSELC                                            (abs)        000410
_ANSELD                                            (abs)        000418
_ANSELE                                            (abs)        000420
_ANSELF                                            (abs)        000428
_CLOCK_Initialize                                  text12       001964
_FSCMCON                                           (abs)        000458
_INLVLA                                            (abs)        000404
_INLVLB                                            (abs)        00040C
_INLVLC                                            (abs)        000414
_INLVLD                                            (abs)        00041C
_INLVLE                                            (abs)        000424
_INLVLF                                            (abs)        00042C
_INT0_DefaultInterruptHandler                      (abs)        000000
_INT0_InterruptHandler                             bssCOMRAM    000531
_INT0_SetInterruptHandler                          text11       001A4E
_INT1_DefaultInterruptHandler                      (abs)        000000
_INT1_InterruptHandler                             bssCOMRAM    00052F
_INT1_SetInterruptHandler                          text10       001A44
_INT2_DefaultInterruptHandler                      (abs)        000000
_INT2_InterruptHandler                             bssCOMRAM    00052D
_INT2_SetInterruptHandler                          text9        001A3A
_INTCON0bits                                       (abs)        0004D6
_INTERRUPT_Initialize                              text8        001900
_INTERRUPT_InterruptManager                        text13       001744
_IOCAF                                             (abs)        000407
_IOCAFbits                                         (abs)        000407
_IOCAN                                             (abs)        000406
_IOCAP                                             (abs)        000405
_IOCBF                                             (abs)        00040F
_IOCBN                                             (abs)        00040E
_IOCBP                                             (abs)        00040D
_IOCCF                                             (abs)        000417
_IOCCN                                             (abs)        000416
_IOCCP                                             (abs)        000415
_IOCEF                                             (abs)        000427
_IOCEN                                             (abs)        000426
_IOCEP                                             (abs)        000425
_IOCWF                                             (abs)        00043F
_IOCWN                                             (abs)        00043E
_IOCWP                                             (abs)        00043D
_LATA                                              (abs)        000140
_LATB                                              (abs)        000141
_LATC                                              (abs)        000142
_LATCbits                                          (abs)        000142
_LATD                                              (abs)        000143
_LATE                                              (abs)        000144
_LATF                                              (abs)        000145
_ODCONA                                            (abs)        000402
_ODCONB                                            (abs)        00040A
_ODCONC                                            (abs)        000412
_ODCOND                                            (abs)        00041A
_ODCONE                                            (abs)        000422
_ODCONF                                            (abs)        00042A
_OSCCON1                                           (abs)        0000AD
_OSCCON3                                           (abs)        0000AF
_OSCEN                                             (abs)        0000B3
_OSCFRQ                                            (abs)        0000B1
_OSCTUNE                                           (abs)        0000B0
_PIE0bits                                          (abs)        0004A7
_PIE8bits                                          (abs)        0004AF
_PIN_MANAGER_IOC                                   text18       0019FA
_PIN_MANAGER_Initialize                            text6        00164E
_PIR0bits                                          (abs)        0004B2
_PIR10bits                                         (abs)        0004BC
_PIR1bits                                          (abs)        0004B3
_PIR6bits                                          (abs)        0004B8
_PIR8bits                                          (abs)        0004BA
_RB1I2C                                            (abs)        000286
_RB2I2C                                            (abs)        000285
_RB4PPS                                            (abs)        00020D
_RC3I2C                                            (abs)        000288
_RC4I2C                                            (abs)        000287
_SLRCONA                                           (abs)        000403
_SLRCONB                                           (abs)        00040B
_SLRCONC                                           (abs)        000413
_SLRCOND                                           (abs)        00041B
_SLRCONE                                           (abs)        000423
_SLRCONF                                           (abs)        00042B
_SW0_DefaultInterruptHandler                       text20       001A58
_SW0_ISR                                           text19       001934
_SW0_InterruptHandler                              nvCOMRAM     000540
_SW0_SetInterruptHandler                           text7        001A30
_SYSTEM_Initialize                                 text1        001A10
_TRISA                                             (abs)        000148
_TRISB                                             (abs)        000149
_TRISC                                             (abs)        00014A
_TRISD                                             (abs)        00014B
_TRISE                                             (abs)        00014C
_TRISF                                             (abs)        00014D
_U2BRGH                                            (abs)        0002C2
_U2BRGL                                            (abs)        0002C1
_U2CON0                                            (abs)        0002BE
_U2CON0bits                                        (abs)        0002BE
_U2CON1                                            (abs)        0002BF
_U2CON1bits                                        (abs)        0002BF
_U2CON2                                            (abs)        0002C0
_U2ERRIE                                           (abs)        0002C6
_U2ERRIR                                           (abs)        0002C5
_U2ERRIRbits                                       (abs)        0002C5
_U2FIFO                                            (abs)        0002C3
_U2P1L                                             (abs)        0002B8
_U2P2L                                             (abs)        0002BA
_U2P3L                                             (abs)        0002BC
_U2RXB                                             (abs)        0002B4
_U2RXPPS                                           (abs)        000274
_U2TXB                                             (abs)        0002B6
_U2UIR                                             (abs)        0002C4
_U2UIRbits                                         (abs)        0002C4
_UART2                                             smallconst   001501
_UART2_AutoBaudQuery                               (abs)        000000
_UART2_AutoBaudSet                                 (abs)        000000
_UART2_DefaultFramingErrorCallback                 text17       001A62
_UART2_DefaultOverrunErrorCallback                 text16       001A60
_UART2_DefaultParityErrorCallback                  (abs)        000000
_UART2_Deinitialize                                (abs)        000000
_UART2_ErrorGet                                    (abs)        000000
_UART2_FramingErrorCallbackRegister                text5        0019DE
_UART2_FramingErrorHandler                         bssCOMRAM    000529
_UART2_Initialize                                  text2        0017EA
_UART2_IsRxReady                                   (abs)        000000
_UART2_IsTxDone                                    (abs)        000000
_UART2_IsTxReady                                   (abs)        000000
_UART2_OverrunErrorCallbackRegister                text4        0019C2
_UART2_OverrunErrorHandler                         bssCOMRAM    000527
_UART2_ParityErrorCallbackRegister                 text3        0019A6
_UART2_ParityErrorHandler                          bssCOMRAM    000525
_UART2_Read                                        (abs)        000000
_UART2_ReceiveISR                                  text15       001532
_UART2_RxCompleteCallbackRegister                  (abs)        000000
_UART2_RxCompleteInterruptHandler                  bssCOMRAM    000521
_UART2_RxInterruptHandler                          nvCOMRAM     000542
_UART2_TransmitDisable                             (abs)        000000
_UART2_TransmitEnable                              (abs)        000000
_UART2_TransmitISR                                 text14       0018CA
_UART2_TxCompleteCallbackRegister                  (abs)        000000
_UART2_TxCompleteInterruptHandler                  bssCOMRAM    000523
_UART2_TxInterruptHandler                          nvCOMRAM     000544
_UART2_Write                                       text21       001880
_WPUA                                              (abs)        000401
_WPUB                                              (abs)        000409
_WPUC                                              (abs)        000411
_WPUD                                              (abs)        000419
_WPUE                                              (abs)        000421
_WPUF                                              (abs)        000429
__HRAM                                             (abs)        000000
__H__absolute__                                    __absolute__ 000000
__Habs1                                            abs1         000000
__Hbank10                                          bank10       000000
__Hbank11                                          bank11       000000
__Hbank12                                          bank12       000000
__Hbank13                                          bank13       000000
__Hbank14                                          bank14       000000
__Hbank15                                          bank15       000000
__Hbank16                                          bank16       000000
__Hbank17                                          bank17       000000
__Hbank18                                          bank18       000000
__Hbank19                                          bank19       000000
__Hbank20                                          bank20       000000
__Hbank5                                           bank5        000000
__Hbank6                                           bank6        000000
__Hbank7                                           bank7        000000
__Hbank8                                           bank8        000000
__Hbank9                                           bank9        000000
__Hbigbss                                          bigbss       000000
__Hbigdata                                         bigdata      000000
__Hbigram                                          bigram       000000
__Hbigsfr                                          bigsfr       000000
__Hbss                                             bss          000000
__HbssCOMRAM                                       bssCOMRAM    000000
__Hcinit                                           cinit        000000
__Hclrtext                                         clrtext      000000
__Hcomram                                          comram       000000
__Hconfig                                          config       30000B
__Hconst                                           const        000000
__HcstackCOMRAM                                    cstackCOMRAM 000000
__Hdata                                            data         000000
__Heeprom_data                                     eeprom_data  000000
__Hfarbss                                          farbss       000000
__Hfardata                                         fardata      000000
__Hheap                                            heap         000000
__Hibigdata                                        ibigdata     000000
__Hidata                                           idata        000000
__Hidloc                                           idloc        000000
__Hifardata                                        ifardata     000000
__Hinit                                            init         00001E
__Hintsave_regs                                    intsave_regs 000000
__Hirdata                                          irdata       000000
__Hivt0x8                                          ivt0x8       00001A
__Hmediumconst                                     mediumconst  000000
__HnvCOMRAM                                        nvCOMRAM     000000
__HnvFARRAM                                        nvFARRAM     000000
__Hnvbit                                           nvbit        000000
__Hnvrram                                          nvrram       000000
__Hparam                                           rparam       000000
__Hpowerup                                         powerup      000000
__Hram                                             ram          000000
__Hramtop                                          ramtop       001500
__Hrbit                                            rbit         000000
__Hrbss                                            rbss         000000
__Hrdata                                           rdata        000000
__Hreset_vec                                       reset_vec    000004
__Hrparam                                          rparam       000000
__Hsfr                                             sfr          000000
__Hsmallconst                                      smallconst   001532
__Hspace_0                                         (abs)        001A64
__Hspace_1                                         (abs)        000546
__Hspace_2                                         (abs)        000000
__Hspace_4                                         (abs)        60000B
__Hstack                                           stack        000000
__Hstruct                                          struct       000000
__Htemp                                            temp         000000
__Htext                                            text         000000
__Htext0                                           text0        000000
__Htext1                                           text1        000000
__Htext10                                          text10       000000
__Htext11                                          text11       000000
__Htext12                                          text12       000000
__Htext13                                          text13       000000
__Htext14                                          text14       000000
__Htext15                                          text15       000000
__Htext16                                          text16       000000
__Htext17                                          text17       000000
__Htext18                                          text18       000000
__Htext19                                          text19       000000
__Htext2                                           text2        000000
__Htext20                                          text20       000000
__Htext21                                          text21       000000
__Htext3                                           text3        000000
__Htext4                                           text4        000000
__Htext5                                           text5        000000
__Htext6                                           text6        000000
__Htext7                                           text7        000000
__Htext8                                           text8        000000
__Htext9                                           text9        000000
__LRAM                                             (abs)        000001
__L__absolute__                                    __absolute__ 000000
__Labs1                                            abs1         000000
__Lbank10                                          bank10       000000
__Lbank11                                          bank11       000000
__Lbank12                                          bank12       000000
__Lbank13                                          bank13       000000
__Lbank14                                          bank14       000000
__Lbank15                                          bank15       000000
__Lbank16                                          bank16       000000
__Lbank17                                          bank17       000000
__Lbank18                                          bank18       000000
__Lbank19                                          bank19       000000
__Lbank20                                          bank20       000000
__Lbank5                                           bank5        000000
__Lbank6                                           bank6        000000
__Lbank7                                           bank7        000000
__Lbank8                                           bank8        000000
__Lbank9                                           bank9        000000
__Lbigbss                                          bigbss       000000
__Lbigdata                                         bigdata      000000
__Lbigram                                          bigram       000000
__Lbigsfr                                          bigsfr       000000
__Lbss                                             bss          000000
__LbssCOMRAM                                       bssCOMRAM    000000
__Lcinit                                           cinit        000000
__Lclrtext                                         clrtext      000000
__Lcomram                                          comram       000000
__Lconfig                                          config       000000
__Lconst                                           const        000000
__LcstackCOMRAM                                    cstackCOMRAM 000000
__Ldata                                            data         000000
__Leeprom_data                                     eeprom_data  000000
__Lfarbss                                          farbss       000000
__Lfardata                                         fardata      000000
__Lheap                                            heap         000000
__Libigdata                                        ibigdata     000000
__Lidata                                           idata        000000
__Lidloc                                           idloc        000000
__Lifardata                                        ifardata     000000
__Linit                                            init         00001A
__Lintsave_regs                                    intsave_regs 000000
__Lirdata                                          irdata       000000
__Livt0x8                                          ivt0x8       000008
__Lmediumconst                                     mediumconst  000000
__LnvCOMRAM                                        nvCOMRAM     000000
__LnvFARRAM                                        nvFARRAM     000000
__Lnvbit                                           nvbit        000000
__Lnvrram                                          nvrram       000000
__Lparam                                           rparam       000000
__Lpowerup                                         powerup      000000
__Lram                                             ram          000000
__Lramtop                                          ramtop       001500
__Lrbit                                            rbit         000000
__Lrbss                                            rbss         000000
__Lrdata                                           rdata        000000
__Lreset_vec                                       reset_vec    000000
__Lrparam                                          rparam       000000
__Lsfr                                             sfr          000000
__Lsmallconst                                      smallconst   001500
__Lspace_0                                         (abs)        000000
__Lspace_1                                         (abs)        000000
__Lspace_2                                         (abs)        000000
__Lspace_4                                         (abs)        000000
__Lstack                                           stack        000000
__Lstruct                                          struct       000000
__Ltemp                                            temp         000000
__Ltext                                            text         000000
__Ltext0                                           text0        000000
__Ltext1                                           text1        000000
__Ltext10                                          text10       000000
__Ltext11                                          text11       000000
__Ltext12                                          text12       000000
__Ltext13                                          text13       000000
__Ltext14                                          text14       000000
__Ltext15                                          text15       000000
__Ltext16                                          text16       000000
__Ltext17                                          text17       000000
__Ltext18                                          text18       000000
__Ltext19                                          text19       000000
__Ltext2                                           text2        000000
__Ltext20                                          text20       000000
__Ltext21                                          text21       000000
__Ltext3                                           text3        000000
__Ltext4                                           text4        000000
__Ltext5                                           text5        000000
__Ltext6                                           text6        000000
__Ltext7                                           text7        000000
__Ltext8                                           text8        000000
__Ltext9                                           text9        000000
__S0                                               (abs)        001A64
__S1                                               (abs)        000546
__S4                                               (abs)        000000
__S5                                               (abs)        000000
___heap_hi                                         (abs)        000000
___heap_lo                                         (abs)        000000
___inthi_sp                                        stack        000000
___inthi_stack_hi                                  stack        000000
___inthi_stack_lo                                  stack        000000
___intlo_sp                                        stack        000000
___intlo_stack_hi                                  stack        000000
___intlo_stack_lo                                  stack        000000
___param_bank                                      (abs)        000000
___rparam_used                                     (abs)        000001
___sp                                              stack        000000
___stack_hi                                        stack        000000
___stack_lo                                        stack        000000
__accesstop                                        (abs)        000560
__activetblptr                                     (abs)        000003
__end_of_CLOCK_Initialize                          text12       001986
__end_of_INT0_SetInterruptHandler                  text11       001A58
__end_of_INT1_SetInterruptHandler                  text10       001A4E
__end_of_INT2_SetInterruptHandler                  text9        001A44
__end_of_INTERRUPT_Initialize                      text8        001934
__end_of_INTERRUPT_InterruptManager                text13       0017EA
__end_of_PIN_MANAGER_IOC                           text18       001A10
__end_of_PIN_MANAGER_Initialize                    text6        001744
__end_of_SW0_DefaultInterruptHandler               text20       001A60
__end_of_SW0_ISR                                   text19       001964
__end_of_SW0_SetInterruptHandler                   text7        001A3A
__end_of_SYSTEM_Initialize                         text1        001A22
__end_of_UART2                                     smallconst   001531
__end_of_UART2_DefaultFramingErrorCallback         text17       001A64
__end_of_UART2_DefaultOverrunErrorCallback         text16       001A62
__end_of_UART2_FramingErrorCallbackRegister        text5        0019FA
__end_of_UART2_Initialize                          text2        001880
__end_of_UART2_OverrunErrorCallbackRegister        text4        0019DE
__end_of_UART2_ParityErrorCallbackRegister         text3        0019C2
__end_of_UART2_ReceiveISR                          text15       00164E
__end_of_UART2_TransmitISR                         text14       001900
__end_of_UART2_Write                               text21       0018CA
__end_of__initialization                           cinit        0019A0
__end_of_main                                      text0        001A30
__initialization                                   cinit        001986
__mediumconst                                      mediumconst  000000
__pbssCOMRAM                                       bssCOMRAM    000501
__pcinit                                           cinit        001986
__pcstackCOMRAM                                    cstackCOMRAM 000539
__pivt0x8                                          ivt0x8       000008
__pnvCOMRAM                                        nvCOMRAM     000540
__psmallconst                                      smallconst   001500
__ptext0                                           text0        001A22
__ptext1                                           text1        001A10
__ptext10                                          text10       001A44
__ptext11                                          text11       001A4E
__ptext12                                          text12       001964
__ptext13                                          text13       001744
__ptext14                                          text14       0018CA
__ptext15                                          text15       001532
__ptext16                                          text16       001A60
__ptext17                                          text17       001A62
__ptext18                                          text18       0019FA
__ptext19                                          text19       001934
__ptext2                                           text2        0017EA
__ptext20                                          text20       001A58
__ptext21                                          text21       001880
__ptext3                                           text3        0019A6
__ptext4                                           text4        0019C2
__ptext5                                           text5        0019DE
__ptext6                                           text6        00164E
__ptext7                                           text7        001A30
__ptext8                                           text8        001900
__ptext9                                           text9        001A3A
__ramtop                                           ramtop       001500
__smallconst                                       smallconst   001500
_main                                              text0        001A22
_uart2RxBuffer                                     bssCOMRAM    000511
_uart2RxCount                                      bssCOMRAM    000533
_uart2RxHead                                       bssCOMRAM    000535
_uart2RxLastError                                  bssCOMRAM    00052B
_uart2RxStatusBuffer                               bssCOMRAM    000501
_uart2RxTail                                       bssCOMRAM    000534
_uart2TxBuffer                                     bssCOMRAM    000519
_uart2TxBufferRemaining                            bssCOMRAM    000536
_uart2TxHead                                       bssCOMRAM    000538
_uart2TxTail                                       bssCOMRAM    000537
end_of_initialization                              cinit        0019A0
intlevel0                                          text         000000
intlevel1                                          text         000000
intlevel2                                          text         000000
intlevel3                                          text         000000
isa$std                                            (abs)        000001
isa$xinst                                          (abs)        000000
ivt0x8_base                                        ivt0x8       000008
stackhi                                            (abs)        000000
stacklo                                            (abs)        000000
start                                              init         00001A
start_initialization                               cinit        001986


MODULE INFORMATION

Module		Function		Class		Link	Load	Size
mcc_generated_files/system/src/interrupt.c
		_INT0_SetInterruptHandler		CODE           	1A4E	0000	10
		_INT1_SetInterruptHandler		CODE           	1A44	0000	10
		_INT2_SetInterruptHandler		CODE           	1A3A	0000	10
		_INTERRUPT_Initialize		CODE           	1900	0000	52
		_INTERRUPT_InterruptManager		CODE           	1744	0000	166

mcc_generated_files/system/src/interrupt.c estimated size: 248

mcc_generated_files/system/src/pins.c
		_SW0_SetInterruptHandler		CODE           	1A30	0000	10
		_PIN_MANAGER_Initialize		CODE           	164E	0000	246
		_SW0_ISR       		CODE           	1934	0000	48
		_PIN_MANAGER_IOC		CODE           	19FA	0000	22
		_SW0_DefaultInterruptHandler		CODE           	1A58	0000	8

mcc_generated_files/system/src/pins.c estimated size: 334

shared
		__initialization		CODE           	1986	0000	26
		_UART2         		SMALLCONST     	1501	0000	48

shared estimated size: 74

mcc_generated_files/system/src/clock.c
		_CLOCK_Initialize		CODE           	1964	0000	34

mcc_generated_files/system/src/clock.c estimated size: 34

main.c
		_main          		CODE           	1A22	0000	14

main.c estimated size: 14

mcc_generated_files/uart/src/uart2.c
		_UART2_TransmitISR		CODE           	18CA	0000	54
		_UART2_ParityErrorCallbackRegister		CODE           	19A6	0000	28
		_UART2_DefaultOverrunErrorCallback		CODE           	1A60	0000	2
		_UART2_Write   		CODE           	1880	0000	74
		_UART2_FramingErrorCallbackRegister		CODE           	19DE	0000	28
		_UART2_OverrunErrorCallbackRegister		CODE           	19C2	0000	28
		_UART2_ReceiveISR		CODE           	1532	0000	284
		_UART2_Initialize		CODE           	17EA	0000	150
		_UART2_DefaultFramingErrorCallback		CODE           	1A62	0000	2

mcc_generated_files/uart/src/uart2.c estimated size: 650

mcc_generated_files/system/src/system.c
		_SYSTEM_Initialize		CODE           	1A10	0000	18

mcc_generated_files/system/src/system.c estimated size: 18

