Microchip MPLAB XC8 Compiler V2.46

Linker command line:

-W-3 \
  --edf=C:\Program Files\Microchip\xc8\v2.46\pic\dat\20240104201356_en.msgs \
  -cn -h+dist/free/debug\pic18f56q71-basic-uart-comms-mcc.X.debug.sym \
  --cmf=dist/free/debug\pic18f56q71-basic-uart-comms-mcc.X.debug.cmf -z \
  -Q18F56Q71 -oC:\Users\C63402\AppData\Local\Temp\xcAso8s.\driver_tmp_3.o \
  --defsym=__MPLAB_BUILD=1 --fixupoverflow=error \
  -Mdist/free/debug/pic18f56q71-basic-uart-comms-mcc.X.debug.map \
  --md=C:\Users\C63402\AppData\Local\Temp\xcAso8s.\driver_tmp_0.dat -E1 \
  -ver=XC8 Compiler --acfsm=1493 -ACODE=00h-0FFFFh -ACONST=00h-0FFFFh \
  -ASMALLCONST=01500h-015FFhx235 -AMEDIUMCONST=01500h-0FFFFh \
  -ACOMRAM=0501h-055Fh -AABS1=0500h-014FFh -ABIGRAM=0501h-014FFh \
  -ARAM=0560h-05FFh,0600h-06FFhx15 -ABANK5=0560h-05FFh -ABANK6=0600h-06FFh \
  -ABANK7=0700h-07FFh -ABANK8=0800h-08FFh -ABANK9=0900h-09FFh \
  -ABANK10=0A00h-0AFFh -ABANK11=0B00h-0BFFh -ABANK12=0C00h-0CFFh \
  -ABANK13=0D00h-0DFFh -ABANK14=0E00h-0EFFh -ABANK15=0F00h-0FFFh \
  -ABANK16=01000h-010FFh -ABANK17=01100h-011FFh -ABANK18=01200h-012FFh \
  -ABANK19=01300h-013FFh -ABANK20=01400h-014FFh \
  -ASFR=00h-0FFhx4,0400h-045Fh,0460h-04FFh,01500h-015FFh \
  -ABIGSFR=00h-04FFh,01500h-015FFh -ACONFIG=0300000h-030000Bh \
  -AIDLOC=0200000h-020003Fh -AEEDATA=0380000h-03800FFh -peeprom_data=EEDATA \
  -preset_vec=00h -ppowerup=CODE,init -pramtop=01500h \
  -psmallconst=SMALLCONST -pmediumconst=MEDIUMCONST -pconst=CONST \
  -AFARRAM=00h-00h \
  -prdata=COMRAM,nvrram=COMRAM,nvbit=COMRAM,rbss=COMRAM,rbit=COMRAM \
  -pfarbss=FARRAM,fardata=FARRAM,nvFARRAM=FARRAM \
  -pintsave_regs=BIGRAM,bigbss=BIGRAM,bigdata=BIGRAM -pbss=RAM \
  -pidata=CODE,irdata=CODE,ibigdata=CODE,ifardata=CODE -prparam=COMRAM \
  C:\Users\C63402\AppData\Local\Temp\xcAso8s.\driver_tmp_9.o \
  dist/free/debug\pic18f56q71-basic-uart-comms-mcc.X.debug.o 

Object code version is 3.11

Machine type is 18F56Q71



                Name                               Link     Load   Length Selector   Space Scale
C:\Users\C63402\AppData\Local\Temp\xcAso8s.\driver_tmp_9.o
                config                           300000   300000        B        0       4
                init                               FFFC     FFFC        4     7FFE       0
                reset_vec                             0        0        4        0       0
dist/free/debug\pic18f56q71-basic-uart-comms-mcc.X.debug.o
                config                           300000   300000        B        0       4
                smallconst                         1500     1500       32      A80       0
                text15                             1736     1736       28      A99       0
                text14                             175E     175E       22      A99       0
                text13                             1822     1822        A      A99       0
                text12                             1818     1818        A      A99       0
                text11                             180E     180E        A      A99       0
                text10                             1702     1702       34      A99       0
                text9                              1532     1532       E8      A99       0
                text8                              17B8     17B8       1C      A99       0
                text7                              179C     179C       1C      A99       0
                text6                              1780     1780       1C      A99       0
                text5                              169A     169A       68      A99       0
                text4                              17FC     17FC       12      A99       0
                text3                              17D4     17D4       16      A99       0
                text2                              1834     1834        6      A99       0
                text1                              182C     182C        8      A99       0
                text0                              161A     161A       80      A99       0
                cstackCOMRAM                        50F      50F        4      501       1
                bssCOMRAM                           501      501        E      501       1
                cinit                              17EA     17EA       12      A99       0

TOTAL           Name                               Link     Load   Length     Space
        CLASS   CODE           
                init                               FFFC     FFFC        4         0
                reset_vec                             0        0        4         0
                text15                             1736     1736       28         0
                text14                             175E     175E       22         0
                text13                             1822     1822        A         0
                text12                             1818     1818        A         0
                text11                             180E     180E        A         0
                text10                             1702     1702       34         0
                text9                              1532     1532       E8         0
                text8                              17B8     17B8       1C         0
                text7                              179C     179C       1C         0
                text6                              1780     1780       1C         0
                text5                              169A     169A       68         0
                text4                              17FC     17FC       12         0
                text3                              17D4     17D4       16         0
                text2                              1834     1834        6         0
                text1                              182C     182C        8         0
                text0                              161A     161A       80         0
                cinit                              17EA     17EA       12         0

        CLASS   CONST          

        CLASS   SMALLCONST     
                smallconst                         1500     1500       32         0

        CLASS   MEDIUMCONST    

        CLASS   COMRAM         
                cstackCOMRAM                        50F      50F        4         1
                bssCOMRAM                           501      501        E         1

        CLASS   ABS1           

        CLASS   BIGRAM         

        CLASS   RAM            

        CLASS   BANK5          

        CLASS   BANK6          

        CLASS   BANK7          

        CLASS   BANK8          

        CLASS   BANK9          

        CLASS   BANK10         

        CLASS   BANK11         

        CLASS   BANK12         

        CLASS   BANK13         

        CLASS   BANK14         

        CLASS   BANK15         

        CLASS   BANK16         

        CLASS   BANK17         

        CLASS   BANK18         

        CLASS   BANK19         

        CLASS   BANK20         

        CLASS   SFR            

        CLASS   BIGSFR         

        CLASS   CONFIG         
                config                           300000   300000        B         4

        CLASS   IDLOC          

        CLASS   EEDATA         

        CLASS   FARRAM         

        CLASS   HEAP           

        CLASS   STACK          



SEGMENTS        Name                           Load    Length   Top    Selector   Space  Class

                reset_vec                      000000  000004  000004         0       0  CODE    
                bssCOMRAM                      000501  000012  000513       501       1  COMRAM  
                smallconst                     001500  000032  001532       A80       0  SMALLCON
                text9                          001532  000308  00183A       A99       0  CODE    
                init                           00FFFC  000004  010000      7FFE       0  CODE    


UNUSED ADDRESS RANGES

        Name                Unused          Largest block    Delta
        BANK10           000A00-000AFF              100
        BANK11           000B00-000BFF              100
        BANK12           000C00-000CFF              100
        BANK13           000D00-000DFF              100
        BANK14           000E00-000EFF              100
        BANK15           000F00-000FFF              100
        BANK16           001000-0010FF              100
        BANK17           001100-0011FF              100
        BANK18           001200-0012FF              100
        BANK19           001300-0013FF              100
        BANK20           001400-0014FF              100
        BANK5            000560-0005FF               A0
        BANK6            000600-0006FF              100
        BANK7            000700-0007FF              100
        BANK8            000800-0008FF              100
        BANK9            000900-0009FF              100
        BIGRAM           000513-0014FF              FED
        BIGSFR           000000-0004FF              500
                         001500-0015FF              100
        CODE             000004-0014FF             14FC
                         00183A-00FFFB             E7C2
        COMRAM           000513-00055F               4D
        CONFIG           30000B-30000B                1
        CONST            000004-0014FF             14FC
                         00183A-00FFFB             E7C2
        EEDATA           380000-3800FF              100
        IDLOC            200000-20003F               40
        MEDIUMCONST      00183A-00FFFB             E7C2
        RAM              000560-0014FF              100
        SFR              000000-0004FF              100
                         001500-0015FF              100
        SMALLCONST       00183A-00FFFB              100

                                  Symbol Table

DELAY_milliseconds@milliseconds                    cstackCOMRAM 00050F
INT0_SetInterruptHandler@InterruptHandler          cstackCOMRAM 00050F
INT1_SetInterruptHandler@InterruptHandler          cstackCOMRAM 00050F
INT2_SetInterruptHandler@InterruptHandler          cstackCOMRAM 00050F
UART2_FramingErrorCallbackRegister@callbackHandler cstackCOMRAM 00050F
UART2_OverrunErrorCallbackRegister@callbackHandler cstackCOMRAM 00050F
UART2_ParityErrorCallbackRegister@callbackHandler  cstackCOMRAM 00050F
UART2_Write@txData                                 cstackCOMRAM 00050F
_ACTCON                                            (abs)        0000AC
_ANSELA                                            (abs)        000400
_ANSELB                                            (abs)        000408
_ANSELC                                            (abs)        000410
_ANSELD                                            (abs)        000418
_ANSELE                                            (abs)        000420
_ANSELF                                            (abs)        000428
_CLOCK_Initialize                                  text14       00175E
_DELAY_milliseconds                                text15       001736
_FSCMCON                                           (abs)        000458
_INLVLA                                            (abs)        000404
_INLVLB                                            (abs)        00040C
_INLVLC                                            (abs)        000414
_INLVLD                                            (abs)        00041C
_INLVLE                                            (abs)        000424
_INLVLF                                            (abs)        00042C
_INT0_DefaultInterruptHandler                      (abs)        000000
_INT0_InterruptHandler                             bssCOMRAM    00050D
_INT0_SetInterruptHandler                          text13       001822
_INT1_DefaultInterruptHandler                      (abs)        000000
_INT1_InterruptHandler                             bssCOMRAM    00050B
_INT1_SetInterruptHandler                          text12       001818
_INT2_DefaultInterruptHandler                      (abs)        000000
_INT2_InterruptHandler                             bssCOMRAM    000509
_INT2_SetInterruptHandler                          text11       00180E
_INTCON0bits                                       (abs)        0004D6
_INTERRUPT_Initialize                              text10       001702
_IOCAF                                             (abs)        000407
_IOCAN                                             (abs)        000406
_IOCAP                                             (abs)        000405
_IOCBF                                             (abs)        00040F
_IOCBN                                             (abs)        00040E
_IOCBP                                             (abs)        00040D
_IOCCF                                             (abs)        000417
_IOCCN                                             (abs)        000416
_IOCCP                                             (abs)        000415
_IOCEF                                             (abs)        000427
_IOCEN                                             (abs)        000426
_IOCEP                                             (abs)        000425
_IOCWF                                             (abs)        00043F
_IOCWN                                             (abs)        00043E
_IOCWP                                             (abs)        00043D
_LATA                                              (abs)        000140
_LATB                                              (abs)        000141
_LATC                                              (abs)        000142
_LATCbits                                          (abs)        000142
_LATD                                              (abs)        000143
_LATE                                              (abs)        000144
_LATF                                              (abs)        000145
_ODCONA                                            (abs)        000402
_ODCONB                                            (abs)        00040A
_ODCONC                                            (abs)        000412
_ODCOND                                            (abs)        00041A
_ODCONE                                            (abs)        000422
_ODCONF                                            (abs)        00042A
_OSCCON1                                           (abs)        0000AD
_OSCCON3                                           (abs)        0000AF
_OSCEN                                             (abs)        0000B3
_OSCFRQ                                            (abs)        0000B1
_OSCTUNE                                           (abs)        0000B0
_PIN_MANAGER_Initialize                            text9        001532
_PIR10bits                                         (abs)        0004BC
_PIR1bits                                          (abs)        0004B3
_PIR6bits                                          (abs)        0004B8
_PORTAbits                                         (abs)        000150
_RB1I2C                                            (abs)        000286
_RB2I2C                                            (abs)        000285
_RB4PPS                                            (abs)        00020D
_RC3I2C                                            (abs)        000288
_RC4I2C                                            (abs)        000287
_SLRCONA                                           (abs)        000403
_SLRCONB                                           (abs)        00040B
_SLRCONC                                           (abs)        000413
_SLRCOND                                           (abs)        00041B
_SLRCONE                                           (abs)        000423
_SLRCONF                                           (abs)        00042B
_SYSTEM_Initialize                                 text4        0017FC
_TRISA                                             (abs)        000148
_TRISB                                             (abs)        000149
_TRISC                                             (abs)        00014A
_TRISD                                             (abs)        00014B
_TRISE                                             (abs)        00014C
_TRISF                                             (abs)        00014D
_U2BRGH                                            (abs)        0002C2
_U2BRGL                                            (abs)        0002C1
_U2CON0                                            (abs)        0002BE
_U2CON0bits                                        (abs)        0002BE
_U2CON1                                            (abs)        0002BF
_U2CON1bits                                        (abs)        0002BF
_U2CON2                                            (abs)        0002C0
_U2ERRIE                                           (abs)        0002C6
_U2ERRIR                                           (abs)        0002C5
_U2ERRIRbits                                       (abs)        0002C5
_U2FIFO                                            (abs)        0002C3
_U2FIFObits                                        (abs)        0002C3
_U2P1L                                             (abs)        0002B8
_U2P2L                                             (abs)        0002BA
_U2P3L                                             (abs)        0002BC
_U2RXB                                             (abs)        0002B4
_U2RXPPS                                           (abs)        000274
_U2TXB                                             (abs)        0002B6
_U2UIR                                             (abs)        0002C4
_U2UIRbits                                         (abs)        0002C4
_UART2                                             smallconst   001501
_UART2_AutoBaudQuery                               (abs)        000000
_UART2_AutoBaudSet                                 (abs)        000000
_UART2_DefaultFramingErrorCallback                 (abs)        000000
_UART2_DefaultOverrunErrorCallback                 (abs)        000000
_UART2_DefaultParityErrorCallback                  (abs)        000000
_UART2_Deinitialize                                (abs)        000000
_UART2_ErrorGet                                    (abs)        000000
_UART2_FramingErrorCallbackRegister                text8        0017B8
_UART2_FramingErrorHandler                         bssCOMRAM    000505
_UART2_Initialize                                  text5        00169A
_UART2_IsRxReady                                   text3        0017D4
_UART2_IsTxDone                                    (abs)        000000
_UART2_IsTxReady                                   (abs)        000000
_UART2_OverrunErrorCallbackRegister                text7        00179C
_UART2_OverrunErrorHandler                         bssCOMRAM    000503
_UART2_ParityErrorCallbackRegister                 text6        001780
_UART2_ParityErrorHandler                          bssCOMRAM    000501
_UART2_Read                                        text2        001834
_UART2_TransmitDisable                             (abs)        000000
_UART2_TransmitEnable                              (abs)        000000
_UART2_Write                                       text1        00182C
_WPUA                                              (abs)        000401
_WPUB                                              (abs)        000409
_WPUC                                              (abs)        000411
_WPUD                                              (abs)        000419
_WPUE                                              (abs)        000421
_WPUF                                              (abs)        000429
__HRAM                                             (abs)        000000
__H__absolute__                                    __absolute__ 000000
__Habs1                                            abs1         000000
__Hbank10                                          bank10       000000
__Hbank11                                          bank11       000000
__Hbank12                                          bank12       000000
__Hbank13                                          bank13       000000
__Hbank14                                          bank14       000000
__Hbank15                                          bank15       000000
__Hbank16                                          bank16       000000
__Hbank17                                          bank17       000000
__Hbank18                                          bank18       000000
__Hbank19                                          bank19       000000
__Hbank20                                          bank20       000000
__Hbank5                                           bank5        000000
__Hbank6                                           bank6        000000
__Hbank7                                           bank7        000000
__Hbank8                                           bank8        000000
__Hbank9                                           bank9        000000
__Hbigbss                                          bigbss       000000
__Hbigdata                                         bigdata      000000
__Hbigram                                          bigram       000000
__Hbigsfr                                          bigsfr       000000
__Hbss                                             bss          000000
__HbssCOMRAM                                       bssCOMRAM    000000
__Hcinit                                           cinit        000000
__Hclrtext                                         clrtext      000000
__Hcomram                                          comram       000000
__Hconfig                                          config       30000B
__Hconst                                           const        000000
__HcstackCOMRAM                                    cstackCOMRAM 000000
__Hdata                                            data         000000
__Heeprom_data                                     eeprom_data  000000
__Hfarbss                                          farbss       000000
__Hfardata                                         fardata      000000
__Hheap                                            heap         000000
__Hibigdata                                        ibigdata     000000
__Hidata                                           idata        000000
__Hidloc                                           idloc        000000
__Hifardata                                        ifardata     000000
__Hinit                                            init         010000
__Hintsave_regs                                    intsave_regs 000000
__Hirdata                                          irdata       000000
__Hmediumconst                                     mediumconst  000000
__HnvFARRAM                                        nvFARRAM     000000
__Hnvbit                                           nvbit        000000
__Hnvrram                                          nvrram       000000
__Hparam                                           rparam       000000
__Hpowerup                                         powerup      000000
__Hram                                             ram          000000
__Hramtop                                          ramtop       001500
__Hrbit                                            rbit         000000
__Hrbss                                            rbss         000000
__Hrdata                                           rdata        000000
__Hreset_vec                                       reset_vec    000004
__Hrparam                                          rparam       000000
__Hsfr                                             sfr          000000
__Hsmallconst                                      smallconst   001532
__Hspace_0                                         (abs)        010000
__Hspace_1                                         (abs)        000513
__Hspace_2                                         (abs)        000000
__Hspace_4                                         (abs)        60000B
__Hstack                                           stack        000000
__Hstruct                                          struct       000000
__Htemp                                            temp         000000
__Htext                                            text         000000
__Htext0                                           text0        000000
__Htext1                                           text1        000000
__Htext10                                          text10       000000
__Htext11                                          text11       000000
__Htext12                                          text12       000000
__Htext13                                          text13       000000
__Htext14                                          text14       000000
__Htext15                                          text15       000000
__Htext2                                           text2        000000
__Htext3                                           text3        000000
__Htext4                                           text4        000000
__Htext5                                           text5        000000
__Htext6                                           text6        000000
__Htext7                                           text7        000000
__Htext8                                           text8        000000
__Htext9                                           text9        000000
__LRAM                                             (abs)        000001
__L__absolute__                                    __absolute__ 000000
__Labs1                                            abs1         000000
__Lbank10                                          bank10       000000
__Lbank11                                          bank11       000000
__Lbank12                                          bank12       000000
__Lbank13                                          bank13       000000
__Lbank14                                          bank14       000000
__Lbank15                                          bank15       000000
__Lbank16                                          bank16       000000
__Lbank17                                          bank17       000000
__Lbank18                                          bank18       000000
__Lbank19                                          bank19       000000
__Lbank20                                          bank20       000000
__Lbank5                                           bank5        000000
__Lbank6                                           bank6        000000
__Lbank7                                           bank7        000000
__Lbank8                                           bank8        000000
__Lbank9                                           bank9        000000
__Lbigbss                                          bigbss       000000
__Lbigdata                                         bigdata      000000
__Lbigram                                          bigram       000000
__Lbigsfr                                          bigsfr       000000
__Lbss                                             bss          000000
__LbssCOMRAM                                       bssCOMRAM    000000
__Lcinit                                           cinit        000000
__Lclrtext                                         clrtext      000000
__Lcomram                                          comram       000000
__Lconfig                                          config       000000
__Lconst                                           const        000000
__LcstackCOMRAM                                    cstackCOMRAM 000000
__Ldata                                            data         000000
__Leeprom_data                                     eeprom_data  000000
__Lfarbss                                          farbss       000000
__Lfardata                                         fardata      000000
__Lheap                                            heap         000000
__Libigdata                                        ibigdata     000000
__Lidata                                           idata        000000
__Lidloc                                           idloc        000000
__Lifardata                                        ifardata     000000
__Linit                                            init         00FFFC
__Lintsave_regs                                    intsave_regs 000000
__Lirdata                                          irdata       000000
__Lmediumconst                                     mediumconst  000000
__LnvFARRAM                                        nvFARRAM     000000
__Lnvbit                                           nvbit        000000
__Lnvrram                                          nvrram       000000
__Lparam                                           rparam       000000
__Lpowerup                                         powerup      000000
__Lram                                             ram          000000
__Lramtop                                          ramtop       001500
__Lrbit                                            rbit         000000
__Lrbss                                            rbss         000000
__Lrdata                                           rdata        000000
__Lreset_vec                                       reset_vec    000000
__Lrparam                                          rparam       000000
__Lsfr                                             sfr          000000
__Lsmallconst                                      smallconst   001500
__Lspace_0                                         (abs)        000000
__Lspace_1                                         (abs)        000000
__Lspace_2                                         (abs)        000000
__Lspace_4                                         (abs)        000000
__Lstack                                           stack        000000
__Lstruct                                          struct       000000
__Ltemp                                            temp         000000
__Ltext                                            text         000000
__Ltext0                                           text0        000000
__Ltext1                                           text1        000000
__Ltext10                                          text10       000000
__Ltext11                                          text11       000000
__Ltext12                                          text12       000000
__Ltext13                                          text13       000000
__Ltext14                                          text14       000000
__Ltext15                                          text15       000000
__Ltext2                                           text2        000000
__Ltext3                                           text3        000000
__Ltext4                                           text4        000000
__Ltext5                                           text5        000000
__Ltext6                                           text6        000000
__Ltext7                                           text7        000000
__Ltext8                                           text8        000000
__Ltext9                                           text9        000000
__S0                                               (abs)        010000
__S1                                               (abs)        000513
__S4                                               (abs)        000000
__S5                                               (abs)        000000
___heap_hi                                         (abs)        000000
___heap_lo                                         (abs)        000000
___inthi_sp                                        stack        000000
___inthi_stack_hi                                  stack        000000
___inthi_stack_lo                                  stack        000000
___intlo_sp                                        stack        000000
___intlo_stack_hi                                  stack        000000
___intlo_stack_lo                                  stack        000000
___param_bank                                      (abs)        000000
___rparam_used                                     (abs)        000001
___sp                                              stack        000000
___stack_hi                                        stack        000000
___stack_lo                                        stack        000000
__accesstop                                        (abs)        000560
__activetblptr                                     (abs)        000003
__end_of_CLOCK_Initialize                          text14       001780
__end_of_DELAY_milliseconds                        text15       00175E
__end_of_INT0_SetInterruptHandler                  text13       00182C
__end_of_INT1_SetInterruptHandler                  text12       001822
__end_of_INT2_SetInterruptHandler                  text11       001818
__end_of_INTERRUPT_Initialize                      text10       001736
__end_of_PIN_MANAGER_Initialize                    text9        00161A
__end_of_SYSTEM_Initialize                         text4        00180E
__end_of_UART2                                     smallconst   001531
__end_of_UART2_FramingErrorCallbackRegister        text8        0017D4
__end_of_UART2_Initialize                          text5        001702
__end_of_UART2_IsRxReady                           text3        0017EA
__end_of_UART2_OverrunErrorCallbackRegister        text7        0017B8
__end_of_UART2_ParityErrorCallbackRegister         text6        00179C
__end_of_UART2_Read                                text2        00183A
__end_of_UART2_Write                               text1        001834
__end_of__initialization                           cinit        0017F6
__end_of_main                                      text0        00169A
__initialization                                   cinit        0017EA
__mediumconst                                      mediumconst  000000
__pbssCOMRAM                                       bssCOMRAM    000501
__pcinit                                           cinit        0017EA
__pcstackCOMRAM                                    cstackCOMRAM 00050F
__psmallconst                                      smallconst   001500
__ptext0                                           text0        00161A
__ptext1                                           text1        00182C
__ptext10                                          text10       001702
__ptext11                                          text11       00180E
__ptext12                                          text12       001818
__ptext13                                          text13       001822
__ptext14                                          text14       00175E
__ptext15                                          text15       001736
__ptext2                                           text2        001834
__ptext3                                           text3        0017D4
__ptext4                                           text4        0017FC
__ptext5                                           text5        00169A
__ptext6                                           text6        001780
__ptext7                                           text7        00179C
__ptext8                                           text8        0017B8
__ptext9                                           text9        001532
__ramtop                                           ramtop       001500
__smallconst                                       smallconst   001500
_main                                              text0        00161A
_uart2RxLastError                                  bssCOMRAM    000507
end_of_initialization                              cinit        0017F6
intlevel0                                          text         000000
intlevel1                                          text         000000
intlevel2                                          text         000000
intlevel3                                          text         000000
isa$std                                            (abs)        000001
isa$xinst                                          (abs)        000000
main@rxValue                                       cstackCOMRAM 000512
stackhi                                            (abs)        000000
stacklo                                            (abs)        000000
start                                              init         00FFFC
start_initialization                               cinit        0017EA


MODULE INFORMATION

Module		Function		Class		Link	Load	Size
mcc_generated_files/system/src/interrupt.c
		_INT0_SetInterruptHandler		CODE           	1822	0000	10
		_INT1_SetInterruptHandler		CODE           	1818	0000	10
		_INT2_SetInterruptHandler		CODE           	180E	0000	10
		_INTERRUPT_Initialize		CODE           	1702	0000	52

mcc_generated_files/system/src/interrupt.c estimated size: 82

mcc_generated_files/system/src/pins.c
		_PIN_MANAGER_Initialize		CODE           	1532	0000	232

mcc_generated_files/system/src/pins.c estimated size: 232

mcc_generated_files/timer/src/delay.c
		_DELAY_milliseconds		CODE           	1736	0000	40

mcc_generated_files/timer/src/delay.c estimated size: 40

shared
		__initialization		CODE           	17EA	0000	12
		_UART2         		SMALLCONST     	1501	0000	48

shared estimated size: 60

mcc_generated_files/system/src/clock.c
		_CLOCK_Initialize		CODE           	175E	0000	34

mcc_generated_files/system/src/clock.c estimated size: 34

main.c
		_main          		CODE           	161A	0000	128

main.c estimated size: 128

mcc_generated_files/uart/src/uart2.c
		_UART2_ParityErrorCallbackRegister		CODE           	1780	0000	28
		_UART2_IsRxReady		CODE           	17D4	0000	22
		_UART2_Write   		CODE           	182C	0000	8
		_UART2_FramingErrorCallbackRegister		CODE           	17B8	0000	28
		_UART2_OverrunErrorCallbackRegister		CODE           	179C	0000	28
		_UART2_Initialize		CODE           	169A	0000	104
		_UART2_Read    		CODE           	1834	0000	6

mcc_generated_files/uart/src/uart2.c estimated size: 224

mcc_generated_files/system/src/system.c
		_SYSTEM_Initialize		CODE           	17FC	0000	18

mcc_generated_files/system/src/system.c estimated size: 18

